[qa-recruitment-task.netlify.app/index.html]
[qa-recruitment-task.netlify.app/_next/static/chunks/webpack-50bee04d1dc61f8adf5b.js]
[qa-recruitment-task.netlify.app/_next/static/chunks/framework.1a5e6c0bcaecf178eee2.js]
[qa-recruitment-task.netlify.app/_next/static/chunks/commons.43d6cea061524472f466.js]
[qa-recruitment-task.netlify.app/_next/static/chunks/main-d03d633936728cd81235.js]
[qa-recruitment-task.netlify.app/_next/static/chunks/71247caf95475e3ea7f9a0f8a30beb258b23d005.433e4031e441c09bc89f.js]
[qa-recruitment-task.netlify.app/_next/static/chunks/pages/_app-1cb296a6eb062a85ed5a.js]
[backblue.gif]
[fade.gif]
[index.html]
[qa-recruitment-task.netlify.app/_next/static/chunks/pages/index-4c2799a2308532fcd6d5.js]
[qa-recruitment-task.netlify.app/photography/index.html]
[qa-recruitment-task.netlify.app/_next/static/chunks/polyfills-4f14e8c8ea1352d3ef0d.js]
[qa-recruitment-task.netlify.app/_next/static/a6Lgmd9Y8DJoXJ3AtxCiu/_buildManifest.js]
[qa-recruitment-task.netlify.app/_next/static/a6Lgmd9Y8DJoXJ3AtxCiu/_ssgManifest.js]
[qa-recruitment-task.netlify.app/index.html]
[qa-recruitment-task.netlify.app/photography/index.html]
